// Jest Snapshot v1, https://goo.gl/fbAQLP

exports[`Storyshots 共通コンポーネント|Header 基本 1`] = `
<div>
  <header
    className="MuiPaper-root MuiAppBar-root MuiAppBar-positionStatic MuiAppBar-colorPrimary MuiPaper-elevation4"
  >
    <div
      className="MuiToolbar-root MuiToolbar-regular MuiToolbar-gutters"
    >
      <h6
        className="MuiTypography-root makeStyles-title-1 MuiTypography-h6"
      >
        react-state-management
      </h6>
    </div>
  </header>
</div>
`;
